
hey,

The following backport has been assigned to
you.

See TOC below.   
https://somehost/Backport+Instructions   
 NOTE:   
 Please do the backports on the latest code  
 in git using the  -bl switch:
 "backport doit -backport -bl "   
Only working content is acceptable.

