




                
                       
                       _B_e_k_i_j_k_ _d_e_ _o_n_l_i_n_e
                                 _v_e_r_s_i_e
                       
                
               [https://bar/Corona.jpg]

             
              
             Beste,
             Het
             coronavirus
             houdt ons
             land in de
             greep. We
             hopen dat
             het goed
             gaat met jou
             en je
             naasten.
             Ongetwijfeld
             heb je al
             veel mails
             gehad van
             bedrijven
             over de
             gevolgen van
             het virus.
             Toch vragen
             ook wij even
             je aandacht.
             In dit geval
             voor je
             pensioen en
             de gevolgen
             die het
             coronavirus
             daarop
             heeft.
             
             

           
           Beleggingen en het
           coronavirus
            
           Jouw pensioenpremie
           wordt belegd. De
           afgelopen periode
           zijn de
           beurskoersen flink
           gedaald door de
           uitbraak van het
           coronavirus. Dus
           ook jouw
           beleggingen zijn
           minder waard
           geworden. We kunnen
           ons goed
           voorstellen dat je
           daarvan geschrokken
           bent. Dit soort
           waardedalingen
           komen echter vaker
           voor. Denk aan de
           kredietcrisis van
           2008. En de
           internetbubbel van
           begin deze eeuw. De
           ervaring leert ook
           dat markten zich
           herstellen. Het
           geld dat je belegt,
           is bestemd voor je
           pensioen. Het is
           daarom belangrijk
           de lange termijn
           voor ogen te
           houden. Goed om te
           weten: wij houden
           hier voor jouw
           pensioen ook al
           rekening mee. Onze
           manier van beleggen
           zorgt ervoor dat
           wij tussentijdse
           bewegingen -zoals
           die nu door het
           coronavirus
           veroorzaakt worden-
           op kunnen vangen.
           
           _M_e_e_r_ _w_e_t_e_n_?_ _L_e_e_s
           _d_e_ _u_p_d_a_t_e_ _v_a_n_ _h_e_t
           _A_e_g_o_n_ _I_n_v_e_s_t_m_e_n_t
                _O_f_f_i_c_e_.
            
           
           
           
           Geen beperking in de
           dekking door
           coronavirus
            
           Een aantal media
           heeft bericht dat het
           nabestaandenpensioen
           in gevaar zou zijn
           door het coronavirus.
           Wij kunnen je gerust
           stellen: het
           coronavirus heeft
           geen gevolgen voor de
           dekking van de
           risico’s van
           overlijden en
           arbeidsongeschiktheid
           bij Aegon Cappital.
           Wat er voor jou
           precies geregeld is,
           zie je op _M_i_j_n_ _A_e_g_o_n
           _C_a_p_p_i_t_a_l.
           
           
           
           Arbeidsduurverkorting
           en je pensioen
            
           Heeft je werkgever
           arbeidsduurverkorting
           voor je aangevraagd?
           Dan kan dit gevolgen
           hebben voor je
           pensioenopbouw. Je
           bouwt alleen pensioen
           op over de uren die
           je contractueel
           werkt. Ook is je
           nabestaandenpensioen
           in dit geval tegen
           een lager bedrag
           verzekerd. De
           overheid kijkt naar
           maatregelen om deze
           nadelige gevolgen
           voor bedrijven en
           werknemers zoveel
           mogelijk te beperken.
           Als je hier vragen
           over hebt, kan je
           deze het beste
           stellen aan je
           werkgever.
           
           
           
           We zijn nog steeds
           bereikbaar
            
           We kunnen ons goed
           voorstellen dat je je
           zorgen maakt. Ook in
           deze moeilijke tijden
           staan we voor je
           klaar. Het kan iets
           langer duren voordat
           je ons aan de lijn
           hebt. Bel ons gewoon
           als je een dringende
           vraag hebt. Of stel
           je vraag via de chat.
           Wel zo makkelijk! Is
           je vraag minder
           dringend? Stuur dan
           een e-mail. Je vindt
           onze contactgegevens
           op
           _w_w_w_._a_e_g_o_n_c_a_p_p_i_t_a_l_._n_l_/
           _c_o_n_t_a_c_t.
           MMeett vvrriieennddeelliijjkkee
           ggrrooeett,,
           FFrriittss BBaarrtt
           Directeur Aegon
           Cappital
           
           _E_n_g_l_i_s_h_ _v_e_r_s_i_o_n
            
           

           
          _©_ _2_0_2_0_ _A_e_g_o_n_ _C_a_p_p_i_t_a_l   •   _D_i_s_c_l_a_i_m_e_r   •   _P_r_i_v_a_c_y   •  
          _A_f_m_e_l_d_e_n
           
         

                                                           

