


                                       Bedankt voor het doorgeven.
Uw klantnummer: 00000000000

  _[_h_t_t_p_:_/_/_i_m_g_._m_a_i_l_r_d_._n_e_t_/_e_s_s_e_n_t_/_b_a_s_i_s_/_i_c_o_n___i_n_l_o_g_g_e_n_._p_n_g_]  Inloggen _M_i_j_n_ _E_s_s_e_n_t
   _[_E_s_s_e_n_t_]
   [http://img.mailrd.net/essent/basis/  We hebben uw meterstanden ontvangen
   trans.gif]

   Beste heer X,
   Wij hebben uw meterstand ontvangen.
   Uw gegevens
   Leveringsadres: Dam 1, 1001 AA AMSTERDAM
   Opnamekenmerk: 000000000
   Uw meterstand
   MMeetteerr MMeetteerrssttaanndd OOppnnaammeeddaattuumm
   Gas:  3.14 m3    1 april 2020
   Met vriendelijke groet,

   Klantenservice Essent
   _[_h_t_t_p_:_/_/_i_m_g_._m_a_i_l_r_d_._n_e_t_/_e_s_s_e_n_t_/_t_h_u_i_s_v_o_o_r_d_e_e_l___b_a_n_n_e_r_._j_p_g_]

   [http://img.mailrd.net/essent/basis/trans.gif]
                                      Wat vindt u van deze e-mail?
                                      _[_P_o_s_i_t_i_e_f_] _[_N_e_g_a_t_i_e_f_]
 Heeft u een vraag?
 Wij helpen u graag. Bekijk alle _v_e_e_l_g_e_s_t_e_l_d_e_ _v_r_a_g_e_n en vind snel en eenvoudig
 het antwoord op uw vraag.
               [http://img.mailrd.net/essent/basis/payoff_logo_essent.png]
 Copyright © 2020 Essent

 U ontvangt deze e-mail als klant van Essent. Via Mijn Essent kunt u uw
gegevens en e‑mailvoorkeuren wijzigen. Ontvangt u liever geen banners in onze
e-mails? U kunt zich hiervoor _a_f_m_e_l_d_e_n.

Persoonlijke gegevens van klanten worden met de grootst mogelijke
zorgvuldigheid behandeld en beveiligd. Essent houdt zich in alle gevallen aan
de eisen die de Algemene Verordening Gegevensbescherming stelt. Meer informatie
hierover vindt u in onze _P_r_i_v_a_c_y_v_e_r_k_l_a_r_i_n_g.

Deze e-mail is een uitgave van Essent Retail Energie B.V. Postbus 1484, 5200 BM
's‑Hertogenbosch.
                                                         Referentienummer: F803
[https://web.flowmailer.net/open.gif?id=x]
