




‌ ‌ ‌ ‌ ‌ ‌ ‌ ‌ ‌ ‌ ‌ ‌ ‌ ‌ ‌ ‌ ‌ ‌ ‌ ‌ ‌ ‌ ‌ ‌ ‌ ‌ ‌ ‌ ‌ ‌ ‌ ‌ ‌ ‌ ‌ ‌ ‌ ‌ ‌ ‌ ‌ ‌ ‌ ‌ ‌ ‌ ‌ ‌ ‌ ‌ ‌ ‌ ‌ ‌ ‌ ‌ ‌ ‌ ‌ ‌ ‌ ‌ ‌ ‌ ‌ ‌ ‌ ‌ ‌ ‌ ‌ ‌ ‌ ‌ ‌ ‌ ‌ ‌ ‌ ‌ ‌ ‌ ‌ ‌ ‌ ‌ ‌ ‌ ‌ ‌ ‌ ‌ ‌ ‌ ‌ ‌ ‌ ‌ ‌ ‌ ‌ ‌ ‌ ‌ ‌ ‌ ‌ ‌ ‌ ‌ ‌ ‌ ‌ ‌ ‌ ‌ ‌ ‌ ‌ ‌ ‌ ‌ ‌ ‌ ‌ ‌ ‌ ‌ ‌ ‌ ‌ ‌ ‌ ‌ ‌ ‌ ‌ ‌ ‌ ‌ ‌ ‌ ‌ ‌ ‌ ‌ ‌ ‌ ‌ ‌ ‌ ‌ ‌ ‌ ‌ ‌ ‌ ‌ ‌ ‌ ‌ ‌ ‌ ‌ ‌ ‌ ‌ ‌ ‌ ‌ ‌ ‌ ‌ ‌ ‌ ‌ ‌ ‌ ‌ ‌ ‌ ‌ ‌ ‌ ‌ ‌ ‌ ‌ ‌ ‌ ‌ ‌ ‌ ‌ ‌ ‌ ‌ ‌ ‌ ‌ ‌ ‌ ‌ ‌ ‌ ‌ ‌ ‌ ‌ ‌ ‌ ‌ ‌ ‌ ‌ ‌ ‌ ‌ ‌ ‌ ‌ ‌ ‌ ‌ ‌ ‌ ‌ ‌ ‌ ‌ ‌ ‌ ‌ ‌ ‌ ‌ ‌ ‌ ‌ ‌ ‌ ‌ ‌ ‌ ‌ ‌ ‌ ‌ ‌ ‌ ‌ ‌ ‌ ‌ ‌ ‌ ‌ ‌ ‌ ‌ ‌ ‌ ‌ ‌ ‌ ‌ ‌ ‌ ‌ ‌ ‌ ‌ ‌ ‌ ‌ ‌ ‌ ‌ ‌ ‌ ‌ ‌ ‌ ‌ ‌ ‌ ‌ ‌ ‌ ‌ ‌ ‌ ‌ ‌ ‌ ‌ ‌ ‌ ‌ ‌ ‌ ‌ ‌ ‌ ‌ ‌ ‌ ‌ 
[UvA]
 _B_e_k_i_j_k_ _d_e_z_e_ _m_a_i_l_ _o_n_l_i_n_e
[UvA]

[UvA]
 _[_U_n_i_v_e_r_s_i_t_e_i_t_ _v_a_n_ _A_m_s_t_e_r_d_a_m_]
[UvA]

[Bureau Alumnirelaties en Universiteitsfonds]
 Bureau Alumnirelaties en
 Universiteitsfonds
[UvA]
 Alumninieuws april 2020
 _V_i_d_e_o_b_o_o_d_s_c_h_a_p_ _G_e_e_r_t_ _t_e_n_ _D_a_m
 [Uva]

 Collegevoorzitter Geert ten Dam nam een persoonlijke boodschap op voor alumni van de Universiteit van Amsterdam. Zij is trots op de vele initiatieven die in deze uitzonderlijke tijd zijn ontstaan onder alumni, studenten en
 wetenschappers.

 _B_e_k_i_j_k_ _h_a_a_r_ _v_i_d_e_o_b_o_o_d_s_c_h_a_p_ _ _→
 [Uva]
  _[_V_i_d_e_o_b_o_o_d_s_c_h_a_p_ _G_e_e_r_t_ _t_e_n_ _D_a_m_]
 [Uva]
 Nieuws van de
 UvA
[UvA]
 [UvA]
[UvA]
[UvA]
 _D_r_a_a_g_ _b_i_j_ _a_a_n_ _h_e_t_ _C_o_r_o_n_a_ _R_e_s_e_a_r_c_h_ _F_o_n_d_s
[UvA]

 In het Amsterdam UMC wordt momenteel intensief onderzoek gedaan naar de werking van een medicijn dat vaatlekkages, de belangrijkste complicatie bij COVID-19-patiënten, kan voorkomen en tegengaan. Om ervoor te zorgen dat onderzoekers van het Amsterdam UMC meer belangrijk onderzoek naar het coronavirus kunnen doen is het Corona Research Fonds opgericht. En ook jij kunt daaraan bijdragen! Help je ons
 mee?
[UvA]
[UvA]
_[_L_e_e_s_ _m_e_e_r_ _o_v_e_r_ _h_e_t_ _C_o_r_o_n_a_ _R_e_s_e_a_r_c_h_ _F_o_n_d_s_ _e_n_ _h_o_e_ _j_e_ _k_u_n_t_ _d_o_n_e_r_e_n_ _] _L_e_e_s_ _m_e_e_r_ _o_v_e_r_ _h_e_t_ _C_o_r_o_n_a_ _R_e_s_e_a_r_c_h_ _F_o_n_d_s_ _e_n_ _h_o_e_ _j_e_ _k_u_n_t_ _d_o_n_e_r_e_n_ _ _→ _[_L_e_e_s_ _m_e_e_r_ _o_v_e_r_ _h_e_t_ _C_o_r_o_n_a_ _R_e_s_e_a_r_c_h_ _F_o_n_d_s_ _e_n_ _h_o_e_ _j_e_ _k_u_n_t_ _d_o_n_e_r_e_n_ _]
[UvA]
[UvA]
 Wetenschappers over de coronacrisis
[UvA]

 Het coronavirus en de maatregelen die wereldwijd worden genomen, hebben een grote impact op de samenleving en het individu. Wetenschappers van de faculteiten Geesteswetenschappen, Maatschappij- en gedragswetenschappen en Rechtsgeleerdheid delen hun kennis en
 expertise.
[UvA]

 _G_e_e_s_t_e_s_w_e_t_e_n_s_c_h_a_p_p_e_n_ _ _→
[UvA]

 _M_a_a_t_s_c_h_a_p_p_i_j_-_ _e_n_ _g_e_d_r_a_g_s_w_e_t_e_n_s_c_h_a_p_p_e_n_ _ _→
[UvA]

 _R_e_c_h_t_s_g_e_l_e_e_r_d_h_e_i_d_ _ _→
[UvA]
 Volg een MOOC
[UvA]

 Een Massive Online Open Course (MOOC) volgen is een goede manier om je te blijven ontwikkelen, je professionele kennis op peil te houden of je te verdiepen in iets geheel nieuws. Een MOOC is meer dan een aantal hoorcolleges, het is een gehele cursus die ontworpen is voor online gebruik, en die je afsluit met een
 certificaat.
[UvA]

 _B_e_k_i_j_k_ _h_e_t_ _o_v_e_r_z_i_c_h_t_ _v_a_n_ _U_v_A_ _M_O_O_C_s_ _ _→
[UvA]
 _[_S_t_a_y_ _a_t_ _h_o_m_e_ _w_o_r_k_o_u_t_s_ _]
 _S_t_a_y_ _a_t_ _h_o_m_e_ _w_o_r_k_o_u_t_s
 [UvA]

 Het Universitair Sportcentrum heeft video en live workouts, nu je even niet naar de sportschool mag. Je hoeft geen lid te zijn van het USC om gebruik te
 maken van de Stay at home workouts.
 [UvA]

 _B_e_k_i_j_k_ _d_e_ _f_i_l_m_p_j_e_s_ _ _→
 [UvA]
 Ook onder druk blijken de meeste mensen te deugen
[UvA]

 De snelle verspreiding van het coronavirus komt met angst, stress en druk. Wat doet dit met mensen? Sommige onderzoeken stellen dat stress en druk mensen hebzuchtig maakt. Andere onderzoeken voorspellen juist solidariteit en medemenselijkheid. UvA-wetenschappers onderzochten het effect van druk op mensen en komen met een hoopvolle
 conclusie.
[UvA]

 _L_e_e_s_ _v_e_r_d_e_r_ _ _→
[UvA]
 _V_o_g_e_l_c_u_r_s_u_s_ _v_o_o_r_ _d_e_ _t_h_u_i_s_z_i_t_t_e_r
 [Uva]

 Nu veel mensen verplicht meer tijd thuis doorbrengen, worden tuinen en balkons volop gebruikt. En dat merken ze bij de Vogelbescherming. De natuurbeschermingsorganisatie krijgt meer vragen binnen en biedt daarom nu gratis online vogelcursussen aan. 'Je merkt dat mensen minder prikkels hebben en meer om zich heen kijken', zegt UvA-biologe en vogelaar Camilla
 Dreef.

 _L_e_e_s_ _m_e_e_r_ _ _→
 [Uva]
  _[_V_o_g_e_l_c_u_r_s_u_s_ _v_o_o_r_ _d_e_ _t_h_u_i_s_z_i_t_t_e_r_]
 [Uva]
 Vergrijzing: succes of crisis?
[UvA]

 Wereldwijd zijn we aanbeland in de Eeuw van de Vergrijzing. Wat betekent dit voor onze arbeidsmarkt, familierelaties, overheidsfinanciën, gezondheidszorg, sociale zekerheid en politieke relaties? Hoe houden we onze samenleving vitaal? Het executive programma TTooeekkoommsstt vvaann oouuddeerr wwoorrddeenn -- ddee LLoonnggeevviittyy EEccoonnoommyy van UvA Academy is voor managers en beleidsmakers die te maken hebben met het
 vergrijzingsvraagstuk.
[UvA]

 _M_e_l_d_ _j_e_ _a_a_n_ _ _→
[UvA]
 Digitaal van start: Executive Programme Maatschappelijke Opvang en Beschermd Wonen
[UvA]

 Hoe kunnen we grote maatschappelijke thema’s rondom maatschappelijke opvang, beschermd wonen en geestelijke gezondheidszorg door de tijd heen beter begrijpen en verklaren? En hoe kunnen we sturen op ontwikkelingen? Naast interactieve online bijeenkomsten maken deelnemers tussen de bijeenkomsten door opdrachten met behulp van video’s waarin de lesstof wordt uitgelegd. Start: 24
 april.
[UvA]

 _L_e_e_s_ _m_e_e_r_ _ _→
[UvA]
 _[_S_e_r_i_e_ _p_o_s_t_z_e_g_e_l_s_ _m_e_t_ _a_t_l_a_s_s_e_n_ _u_i_t_ _h_e_t_ _A_l_l_a_r_d_ _P_i_e_r_s_o_n_ _t_e_ _k_o_o_p_]
 _S_e_r_i_e_ _p_o_s_t_z_e_g_e_l_s_ _m_e_t_ _a_t_l_a_s_s_e_n_ _u_i_t_ _h_e_t_ _A_l_l_a_r_d_ _P_i_e_r_s_o_n_ _t_e_ _k_o_o_p
 [UvA]

 De allereerste atlas in de wereld verscheen in 1570 in Antwerpen, dit jaar 450 jaar geleden. Ter gelegenheid daarvan heeft PostNL het postzegelvel 'De eerste atlassen' uitgegeven. Bij het ontwerp is gebruik gemaakt van originele 16de en 17de eeuwse atlassen uit de collectie van het Allard Pierson
 | De collecties van de Universiteit van Amsterdam.
 [UvA]

 _L_e_e_s_ _v_e_r_d_e_r_ _ _→
 [UvA]
 Student voor een dag
[UvA]

 Wil je in september starten met een opleiding maar heb je nog vragen? Bij 'UvA Student voor een dag - online' ga je chatten, Zoomen of Face-timen met een student van de opleiding van jouw interesse en kun je al je vragen
 stellen.
[UvA]

 _L_e_e_s_ _m_e_e_r_ _ _→
[UvA]
 Online Proefstuderen
[UvA]

 Een dagje proefstuderen bij de UvA kan helaas even niet, daarom is er voor aankomende studenten nu een online alternatief. Bij Online Proefstuderen maak je online kennis met de inhoud van een bacheloropleiding. De opzet verschilt per opleiding en loopt uiteen van het online volgen van een college, het bestuderen van een tekst en het maken van een opdracht tot het chatten met een voorlichter van de opleiding. Online Proefstuderen vindt plaats van 28 april tot en met 15
 mei.
[UvA]

 _M_e_e_r_ _i_n_f_o_r_m_a_t_i_e_ _ _→
[UvA]
 Een crisis is een mogelijkheid om fouten aan te passen
[UvA]

 Corona eist wereldwijd duizenden doden en infecteert miljoenen mensen, maar zorgt onbedoeld ook voor lichtpuntjes: minder smog, versterkte saamhorigheid en nieuwe daadkracht. Drie UvA-wetenschappers laten hun licht schijnen over de onbedoelde neveneffecten van
 corona.
[UvA]

 _L_e_e_s_ _m_e_e_r_ _ _→
[UvA]
 Kijk- en luistertips SPUI25
[UvA]

 SPUI25 moet de deuren tot nader order gesloten houden. Omdat de sprekers doorgaan met denken, creëren, onderzoeken en debatteren, biedt SPUI25 veel moois online. Blijf op de hoogte door je in te schrijven voor de wekelijkse
 nieuwsbrief.
[UvA]

 _M_e_l_d_ _j_e_ _a_a_n_ _ _→
[UvA]
 _B_o_e_k_e_n
 [Uva]

 Selectie van recent verschenen boeken van UvA-alumni en -medewerkers, zowel fictie als non-fictie en wetenschappelijk werk. Met onder andere MMeennss//oonnmmeennss, waarin Bas Heijne de twee grote obsessies van onze tijd onderzoekt, en AAbbddeellhhaakk NNoouurrii:: eeeenn oonnvveerrvvuullddee ddrroooomm,, waarin Khalid Kasem het verhaal van de talentvolle voetballer Nouri optekent vanuit het perspectief van zijn familie en
 vrienden.

 _L_e_e_s_ _v_e_r_d_e_r_ _ _→
 [Uva]
  _[_B_o_e_k_e_n_]
 [Uva]
[UvA]
 _O_v_e_r_l_e_d_e_n_e_n
[UvA]

 Overzicht van recent overleden alumni en (oud-)medewerkers van de Universiteit van Amsterdam. Met in memoriams voor Arnold Heertje, Daniela Obradovic en Johan
 Goudsblom.
[UvA]
[UvA]
_[_L_e_e_s_ _v_e_r_d_e_r_] _L_e_e_s_ _v_e_r_d_e_r_ _ _→ _[_L_e_e_s_ _v_e_r_d_e_r_]
[UvA]
[UvA]

[UvA]
 Deze nieuwsbrief wordt verstuurd naar alumni van de Universiteit van Amsterdam.

 Bureau Alumnirelaties en Universiteitsfonds houdt namens de UvA contact met alumni en beheert daartoe een relatiebestand.
[UvA]
 _[_T_w_i_t_t_e_r_]  _[_F_a_c_e_b_o_o_k_]  _[_L_i_n_k_e_d_I_n_]
[UvA]
[UvA]
 _U_i_t_s_c_h_r_i_j_v_e_n_ _e_-_m_a_i_l_i_n_g_s
[UvA]
