Team,

WeÂ move to test ne release now. ðŸ˜€ In our first test phase, we do not alter our
tests, but use the same tests against old. Â Our objective of this phase is to
find new issues with OLD tests. Â You can see our progress from _h_t_t_p_:_/_/_b_l_a_/
_s_u_m_m_a_r_y_0_4_1_5_2_0_2_0_._h_t_m_l_.


The following table in the report shows our bug progress. Â You can see more
information by clicking the links in the table.Â 
 _ _ _ _ _ _ _ _ _ _ _ _ _ _ _ _ _ _ _ _ _ _ _ _ _ _ _ _ _ _ _ _ _ _ _ _ _ _ _ _ _ _ _ _ _ _ _ _ _ _ _ 
|_DD_aa_tt_ee_ _ _ _ _ _ _ _ _ _ _ _ _ _ _ _ _ _ _ _ _ _ _ _ _ _|_44_//_11_55_ _ _ _ _ _ _|_44_//_88_ _ _ _ _ _ _ |
|_NN_ee_ww_ _ _ _ _ _ _ _ _ _ _ _ _ _ _ _ _ _ _ _ _ _ _ _ _ _ _|_Â _6_9_ _ _ _ _ _ _ _|_Â _6_7_ _ _ _ _ _ _ |
|_CC_ll_oo_ss_ee_dd_ _ _ _ _ _ _ _ _ _ _ _ _ _ _ _ _ _ _ _ _ _ _ _|_Â _7_1_ _ _ _ _ _ _ _|_Â _ _ _ _ _ _ _ _ _ | Â 
|_DD_ee_ff_ee_rr_rr_ee_dd_ _ _ _ _ _ _ _ _ _ _ _ _ _ _ _ _ _ _ _ _ _|_1_8_2_ _ _ _ _ _ _ _|_1_4_2_ _ _ _ _ _ _ |
|_HH_OO_TT_ _ _ _ _ _ _ _ _ _ _ _ _ _ _ _ _ _ _ _ _ _ _ _ _ _ _|_Â _7_0_ _ _ _ _ _ _ _|_Â _6_3_ _ _ _ _ _ _ |
|oodddd((rreeppoorrtteedd ffrroomm oolldd || rreesstt))|  Â _1_5_8_1Â   |  Â _1_5_8_9Â   |
|_ _ _ _ _ _ _ _ _ _ _ _ _ _ _ _ _ _ _ _ _ _ _ _ _ _ _ _ _ _|_(_1_1_3_6_|_3_8_9_)_|_(_1_1_6_7_|_4_2_2_)|

Â 
Weâ€™d like to learn and understand new/enhanced features introducing. Â Please
help us. Â :)


Thanks

A & B
