[cid:3dff0d6344f912415ae595da15ec08e9@kokenenwonen]
