




‌ ‌ ‌ ‌ ‌ ‌ ‌ ‌ ‌ ‌ ‌ ‌ ‌ ‌ ‌ ‌ ‌ ‌ ‌ ‌ ‌ ‌ ‌ ‌ ‌ ‌ ‌ ‌ ‌ ‌ ‌ ‌ ‌ ‌ ‌ ‌ ‌ ‌ ‌ ‌ ‌ ‌ ‌ ‌ ‌ ‌ ‌ ‌ ‌ ‌ ‌ ‌ ‌ ‌ ‌ ‌ ‌ ‌ ‌ ‌ ‌ ‌ ‌ ‌ ‌ ‌ ‌ ‌ ‌ ‌ ‌ ‌ ‌ ‌ ‌ ‌ ‌ ‌ ‌ ‌ ‌ ‌ ‌ ‌ ‌ ‌ ‌ ‌ ‌ ‌ ‌ ‌ ‌ ‌ ‌ ‌ ‌ ‌ ‌ ‌ ‌ ‌ ‌ ‌ ‌ ‌ ‌ ‌ ‌ ‌ ‌ ‌ ‌ ‌ ‌ ‌ ‌ ‌ ‌ ‌ ‌ ‌ ‌ ‌ ‌ ‌ ‌ ‌ ‌ ‌ ‌ ‌ ‌ ‌ ‌ ‌ ‌ ‌ ‌ ‌ ‌ ‌ ‌ ‌ ‌ ‌ ‌ ‌ ‌ ‌ ‌ ‌ ‌ ‌ ‌ ‌ ‌ ‌ ‌ ‌ ‌ ‌ ‌ ‌ ‌ ‌ ‌ ‌ ‌ ‌ ‌ ‌ ‌ ‌ ‌ ‌ ‌ ‌ ‌ ‌ ‌ ‌ ‌ ‌ ‌ ‌ ‌ ‌ ‌ ‌ ‌ ‌ ‌ ‌ ‌ ‌ ‌ ‌ ‌ ‌ ‌ ‌ ‌ ‌ ‌ ‌ ‌ ‌ ‌ ‌ ‌ ‌ ‌ ‌ ‌ ‌ ‌ ‌ ‌ ‌ ‌ ‌ ‌ ‌ ‌ ‌ ‌ ‌ ‌ ‌ ‌ ‌ ‌ ‌ ‌ ‌ ‌ ‌ ‌ ‌ ‌ ‌ ‌ ‌ ‌ ‌ ‌ ‌ ‌ ‌ ‌ ‌ ‌ ‌ ‌ ‌ ‌ ‌ ‌ ‌ ‌ ‌ ‌ ‌ ‌ ‌ ‌ ‌ ‌ ‌ ‌ ‌ ‌ ‌ ‌ ‌ ‌ ‌ ‌ ‌ ‌ ‌ ‌ ‌ ‌ ‌ ‌ ‌ ‌ ‌ ‌ ‌ ‌ ‌ ‌ ‌ ‌ ‌ ‌ ‌ ‌ ‌ ‌ ‌ ‌ ‌ ‌ ‌ 
[UvA]
 _B_e_k_i_j_k_ _d_e_z_e_ _m_a_i_l_ _o_n_l_i_n_e[1]
[UvA]

[UvA]
 _[_U_n_i_v_e_r_s_i_t_e_i_t_ _v_a_n_ _A_m_s_t_e_r_d_a_m_][2]
[UvA]

[Bureau Alumnirelaties en Universiteitsfonds]
 Bureau Alumnirelaties en
 Universiteitsfonds
[UvA]
 Alumninieuws april 2020
 _V_i_d_e_o_b_o_o_d_s_c_h_a_p_ _G_e_e_r_t_ _t_e_n_ _D_a_m[3]
 [Uva]

 Collegevoorzitter Geert ten Dam nam een persoonlijke boodschap op voor alumni van de Universiteit van Amsterdam. Zij is trots op de vele initiatieven die in deze uitzonderlijke tijd zijn ontstaan onder alumni, studenten en
 wetenschappers.
 [4]

 _B_e_k_i_j_k_ _h_a_a_r_ _v_i_d_e_o_b_o_o_d_s_c_h_a_p_ _ _→[5]
 [Uva]
  _[_V_i_d_e_o_b_o_o_d_s_c_h_a_p_ _G_e_e_r_t_ _t_e_n_ _D_a_m_][6]
 [Uva]
 Nieuws van de
 UvA
[UvA]
 [UvA]
[UvA]
[UvA]
 _D_r_a_a_g_ _b_i_j_ _a_a_n_ _h_e_t_ _C_o_r_o_n_a_ _R_e_s_e_a_r_c_h_ _F_o_n_d_s[7]
[UvA]

 In het Amsterdam UMC wordt momenteel intensief onderzoek gedaan naar de werking van een medicijn dat vaatlekkages, de belangrijkste complicatie bij COVID-19-patiënten, kan voorkomen en tegengaan. Om ervoor te zorgen dat onderzoekers van het Amsterdam UMC meer belangrijk onderzoek naar het coronavirus kunnen doen is het Corona Research Fonds opgericht. En ook jij kunt daaraan bijdragen! Help je ons
 mee?
[UvA]
[UvA]
_[_L_e_e_s_ _m_e_e_r_ _o_v_e_r_ _h_e_t_ _C_o_r_o_n_a_ _R_e_s_e_a_r_c_h_ _F_o_n_d_s_ _e_n_ _h_o_e_ _j_e_ _k_u_n_t_ _d_o_n_e_r_e_n_ _][8] _L_e_e_s_ _m_e_e_r_ _o_v_e_r_ _h_e_t_ _C_o_r_o_n_a_ _R_e_s_e_a_r_c_h_ _F_o_n_d_s_ _e_n_ _h_o_e_ _j_e_ _k_u_n_t_ _d_o_n_e_r_e_n_ _ _→[9] _[_L_e_e_s_ _m_e_e_r_ _o_v_e_r_ _h_e_t_ _C_o_r_o_n_a_ _R_e_s_e_a_r_c_h_ _F_o_n_d_s_ _e_n_ _h_o_e_ _j_e_ _k_u_n_t_ _d_o_n_e_r_e_n_ _][10]
[UvA]
[UvA]
 Wetenschappers over de coronacrisis
[UvA]

 Het coronavirus en de maatregelen die wereldwijd worden genomen, hebben een grote impact op de samenleving en het individu. Wetenschappers van de faculteiten Geesteswetenschappen, Maatschappij- en gedragswetenschappen en Rechtsgeleerdheid delen hun kennis en
 expertise.
[UvA]

 _G_e_e_s_t_e_s_w_e_t_e_n_s_c_h_a_p_p_e_n_ _ _→[11]
[UvA]

 _M_a_a_t_s_c_h_a_p_p_i_j_-_ _e_n_ _g_e_d_r_a_g_s_w_e_t_e_n_s_c_h_a_p_p_e_n_ _ _→[12]
[UvA]

 _R_e_c_h_t_s_g_e_l_e_e_r_d_h_e_i_d_ _ _→[13]
[UvA]
 Volg een MOOC
[UvA]

 Een Massive Online Open Course (MOOC) volgen is een goede manier om je te blijven ontwikkelen, je professionele kennis op peil te houden of je te verdiepen in iets geheel nieuws. Een MOOC is meer dan een aantal hoorcolleges, het is een gehele cursus die ontworpen is voor online gebruik, en die je afsluit met een
 certificaat.
[UvA]

 _B_e_k_i_j_k_ _h_e_t_ _o_v_e_r_z_i_c_h_t_ _v_a_n_ _U_v_A_ _M_O_O_C_s_ _ _→[14]
[UvA]
 _[_S_t_a_y_ _a_t_ _h_o_m_e_ _w_o_r_k_o_u_t_s_ _][15]
 [16]
 _S_t_a_y_ _a_t_ _h_o_m_e_ _w_o_r_k_o_u_t_s[17]
 [UvA]

 Het Universitair Sportcentrum heeft video en live workouts, nu je even niet naar de sportschool mag. Je hoeft geen lid te zijn van het USC om gebruik te
 maken van de Stay at home workouts.
 [UvA]

 _B_e_k_i_j_k_ _d_e_ _f_i_l_m_p_j_e_s_ _ _→[18]
 [UvA]
 Ook onder druk blijken de meeste mensen te deugen
[UvA]

 De snelle verspreiding van het coronavirus komt met angst, stress en druk. Wat doet dit met mensen? Sommige onderzoeken stellen dat stress en druk mensen hebzuchtig maakt. Andere onderzoeken voorspellen juist solidariteit en medemenselijkheid. UvA-wetenschappers onderzochten het effect van druk op mensen en komen met een hoopvolle
 conclusie.
[UvA]

 _L_e_e_s_ _v_e_r_d_e_r_ _ _→[19]
[UvA]
 _V_o_g_e_l_c_u_r_s_u_s_ _v_o_o_r_ _d_e_ _t_h_u_i_s_z_i_t_t_e_r[20]
 [Uva]

 Nu veel mensen verplicht meer tijd thuis doorbrengen, worden tuinen en balkons volop gebruikt. En dat merken ze bij de Vogelbescherming. De natuurbeschermingsorganisatie krijgt meer vragen binnen en biedt daarom nu gratis online vogelcursussen aan. 'Je merkt dat mensen minder prikkels hebben en meer om zich heen kijken', zegt UvA-biologe en vogelaar Camilla
 Dreef.
 [21]

 _L_e_e_s_ _m_e_e_r_ _ _→[22]
 [Uva]
  _[_V_o_g_e_l_c_u_r_s_u_s_ _v_o_o_r_ _d_e_ _t_h_u_i_s_z_i_t_t_e_r_][23]
 [Uva]
 Vergrijzing: succes of crisis?
[UvA]

 Wereldwijd zijn we aanbeland in de Eeuw van de Vergrijzing. Wat betekent dit voor onze arbeidsmarkt, familierelaties, overheidsfinanciën, gezondheidszorg, sociale zekerheid en politieke relaties? Hoe houden we onze samenleving vitaal? Het executive programma TTooeekkoommsstt vvaann oouuddeerr wwoorrddeenn -- ddee LLoonnggeevviittyy EEccoonnoommyy van UvA Academy is voor managers en beleidsmakers die te maken hebben met het
 vergrijzingsvraagstuk.
[UvA]

 _M_e_l_d_ _j_e_ _a_a_n_ _ _→[24]
[UvA]
 Digitaal van start: Executive Programme Maatschappelijke Opvang en Beschermd Wonen
[UvA]

 Hoe kunnen we grote maatschappelijke thema’s rondom maatschappelijke opvang, beschermd wonen en geestelijke gezondheidszorg door de tijd heen beter begrijpen en verklaren? En hoe kunnen we sturen op ontwikkelingen? Naast interactieve online bijeenkomsten maken deelnemers tussen de bijeenkomsten door opdrachten met behulp van video’s waarin de lesstof wordt uitgelegd. Start: 24
 april.
[UvA]

 _L_e_e_s_ _m_e_e_r_ _ _→[25]
[UvA]
 _[_S_e_r_i_e_ _p_o_s_t_z_e_g_e_l_s_ _m_e_t_ _a_t_l_a_s_s_e_n_ _u_i_t_ _h_e_t_ _A_l_l_a_r_d_ _P_i_e_r_s_o_n_ _t_e_ _k_o_o_p_][26]
 [27]
 _S_e_r_i_e_ _p_o_s_t_z_e_g_e_l_s_ _m_e_t_ _a_t_l_a_s_s_e_n_ _u_i_t_ _h_e_t_ _A_l_l_a_r_d_ _P_i_e_r_s_o_n_ _t_e_ _k_o_o_p[28]
 [UvA]

 De allereerste atlas in de wereld verscheen in 1570 in Antwerpen, dit jaar 450 jaar geleden. Ter gelegenheid daarvan heeft PostNL het postzegelvel 'De eerste atlassen' uitgegeven. Bij het ontwerp is gebruik gemaakt van originele 16de en 17de eeuwse atlassen uit de collectie van het Allard Pierson
 | De collecties van de Universiteit van Amsterdam.
 [UvA]

 _L_e_e_s_ _v_e_r_d_e_r_ _ _→[29]
 [UvA]
 Student voor een dag
[UvA]

 Wil je in september starten met een opleiding maar heb je nog vragen? Bij 'UvA Student voor een dag - online' ga je chatten, Zoomen of Face-timen met een student van de opleiding van jouw interesse en kun je al je vragen
 stellen.
[UvA]

 _L_e_e_s_ _m_e_e_r_ _ _→[30]
[UvA]
 Online Proefstuderen
[UvA]

 Een dagje proefstuderen bij de UvA kan helaas even niet, daarom is er voor aankomende studenten nu een online alternatief. Bij Online Proefstuderen maak je online kennis met de inhoud van een bacheloropleiding. De opzet verschilt per opleiding en loopt uiteen van het online volgen van een college, het bestuderen van een tekst en het maken van een opdracht tot het chatten met een voorlichter van de opleiding. Online Proefstuderen vindt plaats van 28 april tot en met 15
 mei.
[UvA]

 _M_e_e_r_ _i_n_f_o_r_m_a_t_i_e_ _ _→[31]
[UvA]
 Een crisis is een mogelijkheid om fouten aan te passen
[UvA]

 Corona eist wereldwijd duizenden doden en infecteert miljoenen mensen, maar zorgt onbedoeld ook voor lichtpuntjes: minder smog, versterkte saamhorigheid en nieuwe daadkracht. Drie UvA-wetenschappers laten hun licht schijnen over de onbedoelde neveneffecten van
 corona.
[UvA]

 _L_e_e_s_ _m_e_e_r_ _ _→[32]
[UvA]
 Kijk- en luistertips SPUI25
[UvA]

 SPUI25 moet de deuren tot nader order gesloten houden. Omdat de sprekers doorgaan met denken, creëren, onderzoeken en debatteren, biedt SPUI25 veel moois online. Blijf op de hoogte door je in te schrijven voor de wekelijkse
 nieuwsbrief.
[UvA]

 _M_e_l_d_ _j_e_ _a_a_n_ _ _→[33]
[UvA]
 _B_o_e_k_e_n[34]
 [Uva]

 Selectie van recent verschenen boeken van UvA-alumni en -medewerkers, zowel fictie als non-fictie en wetenschappelijk werk. Met onder andere MMeennss//oonnmmeennss, waarin Bas Heijne de twee grote obsessies van onze tijd onderzoekt, en AAbbddeellhhaakk NNoouurrii:: eeeenn oonnvveerrvvuullddee ddrroooomm,, waarin Khalid Kasem het verhaal van de talentvolle voetballer Nouri optekent vanuit het perspectief van zijn familie en
 vrienden.
 [35]

 _L_e_e_s_ _v_e_r_d_e_r_ _ _→[36]
 [Uva]
  _[_B_o_e_k_e_n_][37]
 [Uva]
[UvA]
 _O_v_e_r_l_e_d_e_n_e_n[38]
[UvA]

 Overzicht van recent overleden alumni en (oud-)medewerkers van de Universiteit van Amsterdam. Met in memoriams voor Arnold Heertje, Daniela Obradovic en Johan
 Goudsblom.
[UvA]
[UvA]
_[_L_e_e_s_ _v_e_r_d_e_r_][39] _L_e_e_s_ _v_e_r_d_e_r_ _ _→[40] _[_L_e_e_s_ _v_e_r_d_e_r_][41]
[UvA]
[UvA]

[UvA]
 Deze nieuwsbrief wordt verstuurd naar alumni van de Universiteit van Amsterdam.

 Bureau Alumnirelaties en Universiteitsfonds houdt namens de UvA contact met alumni en beheert daartoe een relatiebestand.
[UvA]
 _[_T_w_i_t_t_e_r_][42]  _[_F_a_c_e_b_o_o_k_][43]  _[_L_i_n_k_e_d_I_n_][44]
[UvA]
[UvA]
 _U_i_t_s_c_h_r_i_j_v_e_n_ _e_-_m_a_i_l_i_n_g_s[45]
[UvA]
[46]


############ RReeffeerreenncceess ############
   1. https://cdn.uva.nl/2/4/1537/27/m50r-
      Y_vq44KnSr7KJowZuwHnuxJY0wwN9OhoStHIQy6Cs0xXjW9SJ33CCZ_TbDOW4qPTtI6i6afby0E9o_HPQ
   2. https://cdn.uva.nl/1/4/1537/27/MPUEZoNoEmB8v0mcGZRI6-
      NRi_04ZcoJajiqIoKLTM8WfWWYOUEqfeNla4_fILikUQmAklVdzXTdcbGaoKJXmQ
   3. https://cdn.uva.nl/1/4/1537/27/
      TMWjqy65_skKbt0yylOls9QxHomnw38V1yyJzo6LgGoLNCSXorxZ1VW77b-
      0sUXD00tlPHIBPi9NPxLYXv1l_g
   4. https://cdn.myclang.com/public/UvA/28cfb9499248fe1c12e4b74b9ddd6ef4/
      spacer.gif
   5. https://cdn.uva.nl/1/4/1537/27/
      lhDv75UQkURKMUNriFKhsmwolViIdU77eY5G16bzInor-
      WnQvrPPd7kVaXHPqMYA862V0MoM6Tie1PyoF53qDg
   6. https://cdn.uva.nl/1/4/1537/27/
      41vvmcoPyf710Dg1kUQge3srVMWL3BAbLbaNmWmDVOHbNu0Bx7MSCOdSLyFlwlVsn01VUc0uzTc3vZ_7OUJlWg
   7. https://cdn.uva.nl/1/4/1537/27/Iwn4kpJMCYbfinkAugLRUpROZ-
      87uTvAbxvpjnHqOMBiANq_SJ0bPsP0SvRbegCY2t07_2N9o5-Mlvoz--bQpg
   8. https://cdn.uva.nl/1/4/1537/27/
      pwIjwORrz1OXhZF8nzwdmOL8NeY4maz0agzxS0n5cxicA06OxcFyM81y0jO6mk6mIs-
      2HaoPAiM5AXK77rJYFg
   9. https://cdn.uva.nl/1/4/1537/27/KDaZd9D-bNouiBiLMICPoSKeZNOynNR0Wp-
      EIMXo8IE2mgpYNpeYVexbxo001deAJb8WrphgPIA0Mdr0UIx0ew
  10. https://cdn.uva.nl/1/4/1537/27/Q-rflT9PqHVYQVTEUojwnAT-0-
      OpulNcVvLmwXeg3AIhM0StEabrfozJvDLMLRKkrf8oH1rDgNgVzKJpXaXG_Q
  11. https://cdn.uva.nl/1/4/1537/27/
      zHshZdFKif13SFDputL7piZLWcyGiiKdgaAWez9M_kkpipBmDowIIg1p9-
      W6mLjMj2x66PSmDPoqD1F5AbsUeA
  12. https://cdn.uva.nl/1/4/1537/27/zXNIC_REmMoNWu9GTOeqqMunGWvoVm2MdSeY8y5P-
      HFOTwRFtE2yKE_gVkVcSRoYyoLzA9uHFsWF3O6xQs5BUA
  13. https://cdn.uva.nl/1/4/1537/27/2WsMhwGooUE-
      sReuju1Yzv6x4_nN7m3niPvQIHKFY8auE7VXyEV99KPMKTonvI28RK9znVT_PWwMcjshe0NgRA
  14. https://cdn.uva.nl/1/4/1537/27/92f0CVdfZCpeMnN3cs9vy-
      W4U64mM8rBqYZMmAbIzdce6dlhJcsut31BwIAK8S9naqYDRxG7Ga0Di6nBbldmKg
  15. https://cdn.uva.nl/1/4/1537/27/
      T5lhQRcovhuJWerVkI2w26i3TJtV18pJoN2WQvWiDkKXkxtmbo7QJCl8T-
      ivLhSGAaAebyatX0IoDSrhukoRlg
  16. https://cdn.myclang.com/public/UvA/28cfb9499248fe1c12e4b74b9ddd6ef4/
      spacer.gif
  17. https://cdn.uva.nl/1/4/1537/27/GU0RKJXDgKL-
      gdSnuyrJGrz4XjsTkHMMy1R4Y2Kdo1Ziw11Z9sgKFpNofgkY7kWqjgGtHA-
      rBh8kiXWFG9QGbw
  18. https://cdn.uva.nl/1/4/1537/27/
      wHxtgcnS1SUqWWAeWLyoURLjMDy82117CEwW5xExCdhtdq43ZXLQJ0fAW1sEw_gJPyJX0qxGHAbZr6ePF0_pyQ
  19. https://cdn.uva.nl/1/4/1537/27/
      2Xu_x0LyBgAqv7UapzA59O9Xp1tkfVwHJhv6sG84VQEsR9a3IsQxnGJrQ7lnKd5X8mCbFvQMjnKazGrQX2_WIg
  20. https://cdn.uva.nl/1/4/1537/27/CawdWEPq1MfpR_2BcCy7mVyJL9gErX-
      8LCW_yUJ38yFf59e_r0x8Vnj9pkYvZm4lAWJByWkXMz8X5_nEjzL-OA
  21. https://cdn.myclang.com/public/UvA/28cfb9499248fe1c12e4b74b9ddd6ef4/
      spacer.gif
  22. https://cdn.uva.nl/1/4/1537/27/yOR1F9fL_bOZKpQ0E2wcvof9o3o5h8-JnqHXLd-
      2s1mIE3qvKDP0bO5JShnzv6CGquNeK2c5OCvtgicqavz9UQ
  23. https://cdn.uva.nl/1/4/1537/27/
      OO1X3KxCZVAR9LioNWCYfCunrgDmjY1k20s2G0mv0AAuyR7cjB-
      IyjlJZuYunun_OaSMCMmwieQonT8gUrlNHg
  24. https://cdn.uva.nl/1/4/1537/27/nabCxNsFX-
      vd6OqZF76ajFaN6g6oKKIubg6XUdDircxl_yafyghJEEvMhsH8KzrLWIzHif3VyKdR7S7Zl_uKVQ
  25. https://cdn.uva.nl/1/4/1537/27/pITD9QyLneDssOIe_2-
      Eu_czKr3YPq3139sy01PBFwbY8bl2ToFTqjAGaeFG0mr_8opGyHPk_qdVxav8vlCg-A
  26. https://cdn.uva.nl/1/4/1537/27/KDn-
      e1K2om8AKI5SbzSA9inJsNRSPyd6_MuYdlgLv7O4FsRtTh6Gqw1W1CKjEIK5AHQJaJtMl3cEmtDmU7eFCg
  27. https://cdn.myclang.com/public/UvA/28cfb9499248fe1c12e4b74b9ddd6ef4/
      spacer.gif
  28. https://cdn.uva.nl/1/4/1537/27/hxF3xm96Sl-
      sjxEyF3_aC_GKis9hj65YzTDfB30CYsANrLV5KtQZ8nbcEB-
      1y9fq66wzvvrPw3ABsIDasAPtYA
  29. https://cdn.uva.nl/1/4/1537/27/
      u7OFku2jdAr1z7pLZMnKxGfamvNz9z_WlRP2blfn8pbGXXfGVovj9GdjHOjd21o9-
      d_dseKwSmr--R3PW7ctvw
  30. https://cdn.uva.nl/1/4/1537/27/
      wMnmW7Tjf53qKQNtmQ3vKrTg0aSZ9tTPW6i_m_E1jHEVL79CBCSJOFN1uYTOXjQPnsRZgiXnD10-
      xMGYqIwkdQ
  31. https://cdn.uva.nl/1/4/1537/27/3AfuK95ZTrpofJsoekW9r462mHCMDs-
      bClCCuSMX3UZ_oB5I8tO3LoPszDfUc9kJGVPKTR3DgxbiKzKK4om7UQ
  32. https://cdn.uva.nl/1/4/1537/27/
      460uCZWm91ywEzXDZUShl6ne3R_PPMM1r9VhqSoWm4vM-
      enLnXqN5T4IWmUflVIA0BHG1C8FU0Dzy9eZdax_UA
  33. https://cdn.uva.nl/1/4/1537/27/
      UbSIL5_y7GhRJjKM1JlR9z9lQpeYAArTF8uRuUz5DZWpymbQQK50pFltGFJvPzE8EKRvSBrnGDa1Km9unYgROg
  34. https://cdn.uva.nl/1/4/1537/27/_rcxi8SZPajNR2i24lNqGqfEO-
      YDz2C1NYCX5OfIYPgzTlYNte51CEqX3oVTEdaz_-ukDHqGRuOtN_HeHTP2rQ
  35. https://cdn.myclang.com/public/UvA/28cfb9499248fe1c12e4b74b9ddd6ef4/
      spacer.gif
  36. https://cdn.uva.nl/1/4/1537/27/
      F_jAffeM0iqqWsRiaaSROPAMriiSHh9vLdQPl89RJd-Giun9TzC82tT3nsa-
      ESABk6NmV18vnKUf0sl7jatsow
  37. https://cdn.uva.nl/1/4/1537/27/
      Q_nf1uN_Tv02Qky0aygIVcz_KJv3Fjs5MfcPaVVRuYUAppAHiilZprtV1fiZqahSAme3vlPBgXpD5KpR1ehOig
  38. https://cdn.uva.nl/1/4/1537/27/O8R88oA5lheW6X5QfXIGlumqUVK3mJcF3-
      w0yesV9glKaf5xqNgnOfphpm4cZsgcFdAiLi9hYNCw2m--QMGHaA
  39. https://cdn.uva.nl/1/4/1537/27/7EjYm3HWGfTyYh8zwEDa4z9rQXzB-
      Hi3UC9QsmFKoDg10TWP6eEGo3aFbkchbgMosPEal_-4C3VTYvj3fq7D-w
  40. https://cdn.uva.nl/1/4/1537/27/
      e5LPE4HZ8HOxPfBirmDci0L5CdzuAMJAtLZzdnIvR_z3ImwxJGpq6CcqyXWu0oFDIBh9bCGHG9uUAGf1tXtELw
  41. https://cdn.uva.nl/1/4/1537/27/
      IDMWP9Fd9kTg_LGny4gL5tIYwQSMjhAS36nTU3Fze4si5tX6hz9yR8G2kT2vBjRSJ91qqvfJ530u8xFWpTpVXA
  42. https://cdn.uva.nl/1/4/1537/27/
      _d2LrZRLQsJiaAwNKILp2zxWB4PAKxcV6BVc8FSiT42H2LM3XT7O-QUx-
      lW0GNZX8WtyskXAWaEzJjE1U_F6qQ
  43. https://cdn.uva.nl/1/4/1537/27/
      ge_D2IeoYpfTD05rLYRdtzXtxWVCUCdT8tdyh0lCLMUc8j6KFsx4prLGDf2-
      3DX72lyszsF0LLMaOvYhJiMTuw
  44. https://cdn.uva.nl/1/4/1537/27/
      VYDqOCekF39LtgQfJzSgXujVqCx7cpYzma5KY6Sp9169sTs8M70HU20CEWM1nu8dIHn_t7D4z8_nBUqf-
      1faHg
  45. https://cdn.uva.nl/2/4/1537/27/-h3w8bjXoVXlrXpO-
      U31FIPDRACiHd7Nhf1TkxI9CFRda0lR2R1LdYPI4qIgGAFIF-5c8FgrjuLOXWz8LN9DMg
  46. https://cdn.uva.nl/0/4/1537/27/TXBTGSmbxXEIgzYT2-
      Nfp5klhY12XANHmc40b8cmqGnuE_pqFH7bjgLDBiNLHFiU
