Team,

WeÂ move to test ne release now. ðŸ˜€ In our first test phase, we do not alter our
tests, but use the same tests against old. Â Our objective of this phase is to
find new issues with OLD tests. Â You can see our progress from _h_t_t_p_:_/_/_b_l_a_/
_s_u_m_m_a_r_y_0_4_1_5_2_0_2_0_._h_t_m_l_[_1_]_.


The following table in the report shows our bug progress. Â You can see more
information by clicking the links in the table.Â 
 _ _ _ _ _ _ _ _ _ _ _ _ _ _ _ _ _ _ _ _ _ _ _ _ _ _ _ _ _ _ _ _ _ _ _ _ _ _ _ _ _ _ _ _ _ _ _ _ _ _ _ _ _ _ _ _ _ _ _ _ _ _ _ _ _ _ _ 
|_DD_aa_tt_ee_ _ _ _ _ _ _ _ _ _ _ _ _ _ _ _ _ _ _ _ _ _ _ _ _ _|_44_//_11_55_ _ _ _ _ _ _ _ _ _ _ _ _ _ _|_44_//_88_ _ _ _ _ _ _ _ _ _ _ _ _ _ _ |
|_NN_ee_ww_ _ _ _ _ _ _ _ _ _ _ _ _ _ _ _ _ _ _ _ _ _ _ _ _ _ _|_Â _6_9_[_2_]_ _ _ _ _ _ _ _ _ _ _ _ _|_Â _6_7_[_3_]_ _ _ _ _ _ _ _ _ _ _ _ |
|_CC_ll_oo_ss_ee_dd_ _ _ _ _ _ _ _ _ _ _ _ _ _ _ _ _ _ _ _ _ _ _ _|_Â _7_1_[_4_]_ _ _ _ _ _ _ _ _ _ _ _ _|_Â _ _ _ _ _ _ _ _ _ _ _ _ _ _ _ _ _ | Â 
|_DD_ee_ff_ee_rr_rr_ee_dd_ _ _ _ _ _ _ _ _ _ _ _ _ _ _ _ _ _ _ _ _ _|_1_8_2_[_5_]_ _ _ _ _ _ _ _ _ _ _ _ _|_1_4_2_[_6_]_ _ _ _ _ _ _ _ _ _ _ _ |
|_HH_OO_TT_ _ _ _ _ _ _ _ _ _ _ _ _ _ _ _ _ _ _ _ _ _ _ _ _ _ _|_Â _7_0_[_7_]_ _ _ _ _ _ _ _ _ _ _ _ _|_Â _6_3_[_8_]_ _ _ _ _ _ _ _ _ _ _ _ |
|oodddd((rreeppoorrtteedd ffrroomm oolldd || rreesstt))|    Â _1_5_8_1[9]Â      |    Â _1_5_8_9[12]Â     |
|_ _ _ _ _ _ _ _ _ _ _ _ _ _ _ _ _ _ _ _ _ _ _ _ _ _ _ _ _ _|_(_1_1_3_6_[_1_0_]_|_3_8_9_[_1_1_]_)_|_(_1_1_6_7_[_1_3_]_|_4_2_2_[_1_4_]_)|

Â 
Weâ€™d like to learn and understand new/enhanced features introducing. Â Please
help us. Â :)


Thanks

A & B


############ RReeffeerreenncceess ############
   1. http://bla/summary04152020.html
   2. http://bugs
   3. http://bugs
   4. http://closed
   5. http://deferred
   6. http://deferred
   7. http://hot
   8. http://hot
   9. http://odd
  10. http://odd
  11. http://odd
  12. http://odd
  13. http://odd
  14. http://odd
