









9 tips voor betere wifi | Maatregelen vanwege COVID-19 | Gezichtsherkenning
(deel 2)
 ‌ ‌ ‌ ‌ ‌ ‌  ‌ ‌ ‌ ‌ ‌ ‌  ‌ ‌ ‌ ‌ ‌ ‌  ‌ ‌ ‌ ‌ ‌ ‌  ‌ ‌ ‌ ‌ ‌ ‌  ‌ ‌ ‌ ‌ ‌ ‌ ‌ ‌ ‌ ‌ ‌ ‌ ‌ ‌ ‌ ‌ ‌ ‌ ‌ ‌  ‌ ‌ ‌ ‌ ‌ ‌  ‌ ‌ ‌ ‌ ‌ ‌  ‌ ‌ ‌ ‌ ‌ ‌  ‌ ‌ ‌ ‌ ‌ ‌  ‌ ‌ ‌ ‌ ‌ ‌  ‌ ‌ ‌ ‌ ‌ ‌  ‌ ‌ ‌ ‌ ‌ ‌  ‌ ‌ ‌ ‌ ‌ ‌  ‌ ‌ ‌ ‌ ‌ ‌  ‌ ‌ ‌ ‌ ‌ ‌  ‌ ‌ ‌ ‌ ‌ ‌ 
                        Nieuwsbrief _B_e_k_i_j_k_ _i_n_ _b_r_o_w_s_e_r
                                   _[_X_S_4_A_L_L_]


## NNiieeuuwwssbbrriieeff ##
april 2020
We hebben een aantal maatregelen moeten treffen vanwege het coronavirus (COVID-
19). Wat precies leest u hieronder en op onze speciale pagina. Onze monteur
geeft 9 tips voor betere wifi. En deze maand weer een interessant
achtergrondartikel: deel 2 over gezichtsherkenning. De mensen van XS4ALL wensen
iedereen veel sterkte in deze bizarre tijden.
   
?› MMaaaattrreeggeelleenn vvaannwweeggee CCOOVVIIDD--1199
?› VVaann:: AAnnggeelliiqquuee,, KKllaanntteennsseerrvviiccee ?– AAaann:: uu
?› 99 ttiippss vvoooorr bbeetteerree wwiiffii
?› GGeezziicchhttsshheerrkkeennnniinngg ((ddeeeell 22)):: iinn ddee pprraakkttiijjkk


## MMaaaattrreeggeelleenn vvaannwweeggee CCOOVVIIDD--1199 ##
Door de uitbraak van het coronavirus (COVID-19) hebben we maatregelen moeten
nemen. Dat heeft gevolgen voor de bereikbaarheid van onze Klantenservice
en beschikbaarheid van onze monteurs. We bewaken ons netwerk net zo goed als
altijd. Zo vangen we piekbelastingen zonder problemen op. Want juist nu is het
zó belangrijk om verbonden te zijn. Op onze speciale pagina vindt u alle
informatie.
 
_GG_aa_ _nn_aa_aa_rr_ _oo_nn_zz_ee_ _ww_ee_bb_ss_ii_tt_ee_? _ _? _ _?›


## VVaann:: AAnnggeelliiqquuee,, KKllaanntteennsseerrvviiccee ?– AAaann:: uu ##
Vroeger namen we voor elke klant de tijd, tegenwoordig nemen we voor elke klant
de tijd. Want we zijn er nog. Dezelfde mensen van XS4ALL, bereikbaar op
hetzelfde 020-nummer. U houdt gewoon uw FRITZ!Box-modem en XS4ALL-e-
mailadressen. Angelique, een van onze medewerkers op de Klantenservice, vertelt
u dat graag persoonlijk. Lees haar bericht op ons blog.
 
_GG_aa_ _nn_aa_aa_rr_ _hh_aa_aa_rr_ _bb_ee_rr_ii_cc_hh_tt_ _((_22_ _mm_ii_nn_))_? _ _? _ _?›


## 99 ttiippss vvoooorr bbeetteerree wwiiffii ##
Trage wifi, het is een van de grootste ergernissen in ons moderne leven. Nu we
massaal thuis zijn is een goede draadloze verbinding des te belangrijker.
XS4ALL-monteur Peter Kwast rijdt normaal dagelijks door het land om bij klanten
wifi te installeren. Hij geeft 9 doe-het-zelf-tips om wifi thuis te verbeteren.
Doe er uw voordeel mee! Heeft u zelf ook waardevolle tips? Delen mag altijd en
kan in de opmerkingen onderaan ons blog.
 
_LL_ee_ee_ss_ _oo_nn_zz_ee_ _99_ _tt_ii_pp_ss_ _((_88_ _mm_ii_nn_uu_tt_ee_nn_))_? _ _? _ _?›


## GGeezziicchhttsshheerrkkeennnniinngg ((ddeeeell 22)):: iinn ddee pprraakkttiijjkk ##
Eerder kon u in _d_e_e_l_ _1 lezen hoe gezichtsherkenning werkt. In deel 2 nemen we
de praktijk onder de loep. Hoe wordt gezichtsherkenning inmiddels ingezet? Gaat
het ook wel eens mis? En hoe zit het eigenlijk met uw privacy en de AVG? Wat is
het standpunt van de EU ten opzichte van China? Deze vragen en meer proberen we
in ons achtergrondartikel te beantwoorden. Interessant leesvoer.
 
_LL_ee_ee_ss_ _oo_nn_ss_ _bb_ll_oo_gg_ _((_55_ _mm_ii_nn_uu_tt_ee_nn_))_? _ _? _ _?›
                                                   [XS4ALL]
                                    Wat vindt u van dit bericht?
                                                  _[_J_a_] _[_N_e_e_]
Afmelden
Om u uit te schrijven voor tips en aanbiedingen klikt u op onderstaande link.
                                                _U_i_t_s_c_h_r_i_j_v_e_n
                                            Let op phishing
   Plaats altijd vraagtekens bij verzoeken om uw persoonlijke gegevens te
                                verstrekken.
                                         _M_e_e_r_ _o_v_e_r_ _p_h_i_s_h_i_n_g_.
                  _A_l_g_e_m_e_n_e_ _v_o_o_r_w_a_a_r_d_e_n | _P_r_i_v_a_c_y_v_e_r_k_l_a_r_i_n_g
                                                           
