


                                       Bedankt voor het doorgeven.
Uw klantnummer: 00000000000

                                               _[_1_][2]  Inloggen _M_i_j_n_ _E_s_s_e_n_t[3]
                            _[_E_s_s_e_n_t_][4]
                            [5]  We hebben uw meterstanden ontvangen

                            Beste heer X,
                            Wij hebben uw meterstand ontvangen.
                            Uw gegevens
                            Leveringsadres: Dam 1, 1001 AA AMSTERDAM
                            Opnamekenmerk: 000000000
                            Uw meterstand
                            MMeetteerr MMeetteerrssttaanndd OOppnnaammeeddaattuumm
                            Gas:  3.14 m3    1 april 2020
                            Met vriendelijke groet,

                            Klantenservice Essent
                            _[_6_][7]

                            [8]
                                      Wat vindt u van deze e-mail?
                                      _[_P_o_s_i_t_i_e_f_][9] _[_N_e_g_a_t_i_e_f_][10]
      Heeft u een vraag?
      Wij helpen u graag. Bekijk alle _v_e_e_l_g_e_s_t_e_l_d_e_ _v_r_a_g_e_n[11] en vind snel en
      eenvoudig het antwoord op uw vraag.
                                                        [12]
 Copyright © 2020 Essent

 U ontvangt deze e-mail als klant van Essent. Via Mijn Essent kunt u uw
gegevens en e‑mailvoorkeuren wijzigen. Ontvangt u liever geen banners in onze
e-mails? U kunt zich hiervoor _a_f_m_e_l_d_e_n[13].

Persoonlijke gegevens van klanten worden met de grootst mogelijke
zorgvuldigheid behandeld en beveiligd. Essent houdt zich in alle gevallen aan
de eisen die de Algemene Verordening Gegevensbescherming stelt. Meer informatie
hierover vindt u in onze _P_r_i_v_a_c_y_v_e_r_k_l_a_r_i_n_g[14].

Deze e-mail is een uitgave van Essent Retail Energie B.V. Postbus 1484, 5200 BM
's‑Hertogenbosch.
                                                         Referentienummer: F803
[15]


############ RReeffeerreenncceess ############
   1. http://img.mailrd.net/essent/basis/icon_inloggen.png
   2. https://web.flowmailer.net/link?id=x
   3. https://web.flowmailer.net/link?id=x
   4. https://web.flowmailer.net/link?id=x
   5. http://img.mailrd.net/essent/basis/trans.gif
   6. http://img.mailrd.net/essent/thuisvoordeel_banner.jpg
   7. https://web.flowmailer.net/link?id=x
   8. http://img.mailrd.net/essent/basis/trans.gif
   9. https://web.flowmailer.net/link?id=x
  10. https://web.flowmailer.net/link?id=x
  11. https://web.flowmailer.net/link?id=x
  12. http://img.mailrd.net/essent/basis/payoff_logo_essent.png
  13. https://web.flowmailer.net/link?id=x
  14. https://web.flowmailer.net/link?id=x
  15. https://web.flowmailer.net/open.gif?id=x
