Supersedes: _h_t_t_p_s_:_/_/_a_r_c_h_i_v_e_s_._g_e_n_t_o_o_._o_r_g_/_g_e_n_t_o_o_-_d_e_v_/_m_e_s_s_a_g_e_/
_0_6_b_4_c_4_5_8_5_8_a_1_5_e_7_8_c_b_4_4_e_f_d_6_c_f_6_7_9_6_0_0

I would like to reserve GID 407 for games-util/gamemode.

As far as I can tell, GID 407 is free [1]

Here's a PR for this change [2]

[1] _h_t_t_p_s_:_/_/_a_p_i_._g_e_n_t_o_o_._o_r_g_/_u_i_d_-_g_i_d_._t_x_t
[2] _h_t_t_p_s_:_/_/_g_i_t_h_u_b_._c_o_m_/_g_e_n_t_o_o_/_g_e_n_t_o_o_/_p_u_l_l_/_1_3_1_5_8

Am Mi., 16. Okt. 2019 um 21:12 Uhr schrieb K K <_x_x_x_x_x_x_x_x_7_7_+_b_g_o_@_x_x_x_x_x_._c_o_m>:
> Resent because I used the wrong "From:"...
>
> Am Mo., 14. Okt. 2019 um 10:13 Uhr schrieb K K <_x_x_x_x_x_x_x_x_7_7_@_x_x_x_x_x_._c_o_m>:
> >
> > I would like to reserve GID 405 for games-util/gamemode.
> >
> > As far as I can tell, GID 405 is free [1]
> >
> > Here's a PR for this change [2]
> >
> > [1] _h_t_t_p_s_:_/_/_a_p_i_._g_e_n_t_o_o_._o_r_g_/_u_i_d_-_g_i_d_._t_x_t
> > [2] _h_t_t_p_s_:_/_/_g_i_t_h_u_b_._c_o_m_/_g_e_n_t_o_o_/_g_e_n_t_o_o_/_p_u_l_l_/_1_3_1_5_8
